Archive member included because of file (symbol)

C:/Freescale/CW MCU v10.7/MCU/ARM_GCC_Support/ewl/lib/armv6-m\libc.a(puts.o)
                              ./Sources/main.o (puts)
C:/Freescale/CW MCU v10.7/MCU/ARM_GCC_Support/ewl/lib/armv6-m\libc.a(__putchar.o)
                              C:/Freescale/CW MCU v10.7/MCU/ARM_GCC_Support/ewl/lib/armv6-m\libc.a(puts.o) (__put_char)
C:/Freescale/CW MCU v10.7/MCU/ARM_GCC_Support/ewl/lib/armv6-m\libc.a(__buffer_io.o)
                              C:/Freescale/CW MCU v10.7/MCU/ARM_GCC_Support/ewl/lib/armv6-m\libc.a(__putchar.o) (__prep_buffer)
C:/Freescale/CW MCU v10.7/MCU/ARM_GCC_Support/ewl/lib/armv6-m\libc.a(sprintf.o)
                              ./Sources/data.o (sprintf)
C:/Freescale/CW MCU v10.7/MCU/ARM_GCC_Support/ewl/lib/armv6-m\libc.a(printf.o)
                              ./Sources/main.o (printf)
C:/Freescale/CW MCU v10.7/MCU/ARM_GCC_Support/ewl/lib/armv6-m\libc.a(exit.o)
                              ./Project_Settings/Startup_Code/__arm_start.o (exit)
C:/Freescale/CW MCU v10.7/MCU/ARM_GCC_Support/ewl/lib/armv6-m\libc.a(alloc.o)
                              ./Sources/uartBuffer.o (malloc)
C:/Freescale/CW MCU v10.7/MCU/ARM_GCC_Support/ewl/lib/armv6-m\libc.a(memset.o)
                              ./Project_Settings/Startup_Code/__arm_start.o (memset)
C:/Freescale/CW MCU v10.7/MCU/ARM_GCC_Support/ewl/lib/armv6-m\libc.a(__filll_mem.o)
                              C:/Freescale/CW MCU v10.7/MCU/ARM_GCC_Support/ewl/lib/armv6-m\libc.a(memset.o) (__fill_mem)
C:/Freescale/CW MCU v10.7/MCU/ARM_GCC_Support/ewl/lib/armv6-m\libc.a(memcpy.o)
                              C:/Freescale/CW MCU v10.7/MCU/ARM_GCC_Support/ewl/lib/armv6-m\libc.a(alloc.o) (memcpy)
C:/Freescale/CW MCU v10.7/MCU/ARM_GCC_Support/ewl/lib/armv6-m\libc.a(printformat_.o)
                              (__pformatter_)
C:/Freescale/CW MCU v10.7/MCU/ARM_GCC_Support/ewl/lib/armv6-m\libc.a(scanformat_.o)
                              (__sformatter)
C:/Freescale/CW MCU v10.7/MCU/ARM_GCC_Support/ewl/lib/armv6-m\libc.a(ctype_aeabi.o)
                              C:/Freescale/CW MCU v10.7/MCU/ARM_GCC_Support/ewl/lib/armv6-m\libc.a(scanformat_.o) (isspace)
C:/Freescale/CW MCU v10.7/MCU/ARM_GCC_Support/ewl/lib/armv6-m\libc.a(vsnprintf.o)
                              C:/Freescale/CW MCU v10.7/MCU/ARM_GCC_Support/ewl/lib/armv6-m\libc.a(sprintf.o) (vsnprintf)
C:/Freescale/CW MCU v10.7/MCU/ARM_GCC_Support/ewl/lib/armv6-m\libc.a(fwrite.o)
                              C:/Freescale/CW MCU v10.7/MCU/ARM_GCC_Support/ewl/lib/armv6-m\libc.a(printf.o) (__FileWrite)
C:/Freescale/CW MCU v10.7/MCU/ARM_GCC_Support/ewl/lib/armv6-m\libc.a(ansi_files.o)
                              C:/Freescale/CW MCU v10.7/MCU/ARM_GCC_Support/ewl/lib/armv6-m\libc.a(puts.o) (__files)
C:/Freescale/CW MCU v10.7/MCU/ARM_GCC_Support/ewl/lib/armv6-m\libc.a(fflush.o)
                              C:/Freescale/CW MCU v10.7/MCU/ARM_GCC_Support/ewl/lib/armv6-m\libc.a(ansi_files.o) (fflush)
C:/Freescale/CW MCU v10.7/MCU/ARM_GCC_Support/ewl/lib/armv6-m\libc.a(__strtoul.o)
                              C:/Freescale/CW MCU v10.7/MCU/ARM_GCC_Support/ewl/lib/armv6-m\libc.a(scanformat_.o) (__strtoul)
C:/Freescale/CW MCU v10.7/MCU/ARM_GCC_Support/ewl/lib/armv6-m\libc.a(strchr.o)
                              C:/Freescale/CW MCU v10.7/MCU/ARM_GCC_Support/ewl/lib/armv6-m\libc.a(printformat_.o) (strchr)
C:/Freescale/CW MCU v10.7/MCU/ARM_GCC_Support/ewl/lib/armv6-m\libc.a(strlen.o)
                              C:/Freescale/CW MCU v10.7/MCU/ARM_GCC_Support/ewl/lib/armv6-m\libc.a(printformat_.o) (strlen)
C:/Freescale/CW MCU v10.7/MCU/ARM_GCC_Support/ewl/lib/armv6-m\libc.a(__memrchr.o)
                              C:/Freescale/CW MCU v10.7/MCU/ARM_GCC_Support/ewl/lib/armv6-m\libc.a(fwrite.o) (__memrchr)
C:/Freescale/CW MCU v10.7/MCU/ARM_GCC_Support/ewl/lib/armv6-m\libc.a(memchr.o)
                              C:/Freescale/CW MCU v10.7/MCU/ARM_GCC_Support/ewl/lib/armv6-m\libc.a(printformat_.o) (memchr)
C:/Freescale/CW MCU v10.7/MCU/ARM_GCC_Support/ewl/lib/armv6-m\libm.a(w_pow.o)
                              ./Sources/data.o (pow)
C:/Freescale/CW MCU v10.7/MCU/ARM_GCC_Support/ewl/lib/armv6-m\libm.a(e_pow.o)
                              C:/Freescale/CW MCU v10.7/MCU/ARM_GCC_Support/ewl/lib/armv6-m\libm.a(w_pow.o) (__ieee754_pow)
C:/Freescale/CW MCU v10.7/MCU/ARM_GCC_Support/ewl/lib/armv6-m\libm.a(scalbn.o)
                              C:/Freescale/CW MCU v10.7/MCU/ARM_GCC_Support/ewl/lib/armv6-m\libm.a(e_pow.o) (scalbn)
C:/Freescale/CW MCU v10.7/MCU/ARM_GCC_Support/ewl/lib/armv6-m\libm.a(w_sqrt.o)
                              C:/Freescale/CW MCU v10.7/MCU/ARM_GCC_Support/ewl/lib/armv6-m\libm.a(e_pow.o) (sqrt)
C:/Freescale/CW MCU v10.7/MCU/ARM_GCC_Support/ewl/lib/armv6-m\libm.a(math_api.o)
                              C:/Freescale/CW MCU v10.7/MCU/ARM_GCC_Support/ewl/lib/armv6-m\libm.a(e_pow.o) (__fpclassifyd)
[...]
Memory Configuration

Name             Origin             Length             Attributes
m_interrupts     0x00000000         0x000000c0         xr
m_cfmprotrom     0x00000400         0x00000010         xr
m_text           0x00000800         0x0001f800         xr
m_data           0x1ffff000         0x00004000         xrw
*default*        0x00000000         0xffffffff

Linker script and memory map

LOAD ./Project_Settings/Startup_Code/kinetis_sysinit.o
LOAD ./Project_Settings/Startup_Code/__arm_start.o
LOAD ./Project_Settings/Startup_Code/__arm_end.o
LOAD ./Sources/uartHandler.o
LOAD ./Sources/uartBuffer.o
LOAD ./Sources/sa_mtb.o
LOAD ./Sources/memory.o
LOAD ./Sources/mcg.o
LOAD ./Sources/main.o
LOAD ./Sources/data.o
LOAD ./Sources/Systick.o
LOAD ./Sources/ConsoleIO.o
                0x00002b64                __pformatter = __pformatter_
                [0x00002f8c]                __sformatter = __sformatter
START GROUP
LOAD C:/Freescale/CW MCU v10.7/MCU/ARM_GCC_Support/ewl/lib/armv6-m\libc.a
LOAD C:/Freescale/CW MCU v10.7/MCU/ARM_GCC_Support/ewl/lib/armv6-m\libm.a
LOAD c:/freescale/cw mcu v10.7/cross_tools/arm-none-eabi-gcc-4_7_3/bin/../lib/gcc/arm-none-eabi/4.7.3/armv6-m\libgcc.a
LOAD C:/Freescale/CW MCU v10.7/MCU/ARM_GCC_Support/ewl/lib/armv6-m\librt.a
LOAD C:/Freescale/CW MCU v10.7/MCU/ARM_GCC_Support/ewl/lib/armv6-m\libuart.a
END GROUP
                0x20003000                _estack = 0x20003000
                0x20003000                __SP_INIT = _estack
                0x00000400                __heap_size = 0x400
                0x00000400                __stack_size = 0x400

.interrupts     0x00000000       0xc0
                0x00000000                __vector_table = .
                0x00000000                . = ALIGN (0x4)
 *(.vectortable)
 .vectortable   0x00000000       0xc0 ./Project_Settings/Startup_Code/kinetis_sysinit.o
                0x00000000                InterruptVector
                0x000000c0                . = ALIGN (0x4)

.cfmprotect     0x00000400        0x0
                0x00000400                . = ALIGN (0x4)
 *(.cfmconfig)
                0x00000400                . = ALIGN (0x4)

.text           0x00000800     0x3630
                0x00000800                . = ALIGN (0x4)
 *(.text)
 .text          0x00000800       0x14 c:/freescale/cw mcu v10.7/cross_tools/arm-none-eabi-gcc-4_7_3/bin/../lib/gcc/arm-none-eabi/4.7.3/armv6-m\libgcc.a(_thumb1_case_sqi.o)
                0x00000800                __gnu_thumb1_case_sqi
 .text          0x00000814       0x14 c:/freescale/cw mcu v10.7/cross_tools/arm-none-eabi-gcc-4_7_3/bin/../lib/gcc/arm-none-eabi/4.7.3/armv6-m\libgcc.a(_thumb1_case_uqi.o)
                0x00000814                __gnu_thumb1_case_uqi
 .text          0x00000828       0x9c c:/freescale/cw mcu v10.7/cross_tools/arm-none-eabi-gcc-4_7_3/bin/../lib/gcc/arm-none-eabi/4.7.3/armv6-m\libgcc.a(_udivsi3.o)
                0x00000828                __aeabi_uidiv
                0x00000828                __udivsi3
                0x000008b0                __aeabi_uidivmod
 .text          0x000008c4       0xc0 c:/freescale/cw mcu v10.7/cross_tools/arm-none-eabi-gcc-4_7_3/bin/../lib/gcc/arm-none-eabi/4.7.3/armv6-m\libgcc.a(_divsi3.o)
                0x000008c4                __divsi3
                0x000008c4                __aeabi_idiv
                0x00000970                __aeabi_idivmod
 .text          0x00000984        0x4 c:/freescale/cw mcu v10.7/cross_tools/arm-none-eabi-gcc-4_7_3/bin/../lib/gcc/arm-none-eabi/4.7.3/armv6-m\libgcc.a(_dvmd_tls.o)
                0x00000984                __aeabi_idiv0
                0x00000984                __aeabi_ldiv0
 .text          0x00000988      0x758 c:/freescale/cw mcu v10.7/cross_tools/arm-none-eabi-gcc-4_7_3/bin/../lib/gcc/arm-none-eabi/4.7.3/armv6-m\libgcc.a(adddf3.o)
                0x00000988                __aeabi_dadd
 .text          0x000010e0      0x4e4 c:/freescale/cw mcu v10.7/cross_tools/arm-none-eabi-gcc-4_7_3/bin/../lib/gcc/arm-none-eabi/4.7.3/armv6-m\libgcc.a(muldf3.o)
                0x000010e0                __aeabi_dmul
 .text          0x000015c4       0x68 c:/freescale/cw mcu v10.7/cross_tools/arm-none-eabi-gcc-4_7_3/bin/../lib/gcc/arm-none-eabi/4.7.3/armv6-m\libgcc.a(fixdfsi.o)
                0x000015c4                __aeabi_d2iz
 .text          0x0000162c       0x74 c:/freescale/cw mcu v10.7/cross_tools/arm-none-eabi-gcc-4_7_3/bin/../lib/gcc/arm-none-eabi/4.7.3/armv6-m\libgcc.a(floatsidf.o)
                0x0000162c                __aeabi_i2d
 .text          0x000016a0       0x3c c:/freescale/cw mcu v10.7/cross_tools/arm-none-eabi-gcc-4_7_3/bin/../lib/gcc/arm-none-eabi/4.7.3/armv6-m\libgcc.a(_clzsi2.o)
                0x000016a0                __clzsi2
 *(.text*)
 .text.Default_Handler
                0x000016dc        0xc ./Project_Settings/Startup_Code/kinetis_sysinit.o
                0x000016dc                RTC_Alarm_IRQHandler
                0x000016dc                I2C0_IRQHandler
                0x000016dc                HardFault_Handler
                0x000016dc                PendSV_Handler
                0x000016dc                NMI_Handler
                0x000016dc                I2C1_IRQHandler
                0x000016dc                UART1_IRQHandler
                0x000016dc                DMA2_IRQHandler
                0x000016dc                TSI0_IRQHandler
                0x000016dc                ADC0_IRQHandler
                0x000016dc                SPI1_IRQHandler
                0x000016dc                PORTD_IRQHandler
                0x000016dc                LPTimer_IRQHandler
                0x000016dc                FTM1_IRQHandler
                0x000016dc                RTC_Seconds_IRQHandler
                0x000016dc                MCG_IRQHandler
                0x000016dc                UART2_IRQHandler
                0x000016dc                Default_Handler
                0x000016dc                LLW_IRQHandler
                0x000016dc                PIT_IRQHandler
                0x000016dc                SVC_Handler
                0x000016dc                USBOTG_IRQHandler
                0x000016dc                DMA3_IRQHandler
                0x000016dc                DMA0_IRQHandler
                0x000016dc                DAC0_IRQHandler
                0x000016dc                PMC_IRQHandler
                0x000016dc                SPI0_IRQHandler
                0x000016dc                FTM0_IRQHandler
                0x000016dc                PORTA_IRQHandler
                0x000016dc                MCM_IRQHandler
                0x000016dc                FTFL_IRQHandler
                0x000016dc                FTM2_IRQHandler
                0x000016dc                CMP0_IRQHandler
                0x000016dc                DMA1_IRQHandler
 .text.__init_hardware
                0x000016e8       0x2c ./Project_Settings/Startup_Code/kinetis_sysinit.o
                0x000016e8                __init_hardware
 .text.zero_fill_bss
                0x00001714       0x24 ./Project_Settings/Startup_Code/__arm_start.o
 .text.__thumb_startup
                0x00001738       0x30 ./Project_Settings/Startup_Code/__arm_start.o
                0x00001738                __thumb_startup
 .text._ExitProcess
                0x00001768        0xc ./Project_Settings/Startup_Code/__arm_end.o
                0x00001768                _ExitProcess
 .text.UART0_IRQHandler
                0x00001774       0xc0 ./Sources/uartHandler.o
                0x00001774                UART0_IRQHandler
 .text.initialize
                0x00001834       0x30 ./Sources/uartBuffer.o
                0x00001834                initialize
 .text.buff_full
                0x00001864       0x14 ./Sources/uartBuffer.o
                0x00001864                buff_full
 .text.buff_empty
                0x00001878       0x20 ./Sources/uartBuffer.o
                0x00001878                buff_empty
 .text.add_data
                0x00001898       0x9c ./Sources/uartBuffer.o
                0x00001898                add_data
 .text.read_data
                0x00001934       0xb0 ./Sources/uartBuffer.o
                0x00001934                read_data
 .text.my_memzero
                0x000019e4       0x94 ./Sources/memory.o
                0x000019e4                my_memzero
 .text.NVIC_EnableIRQ
                0x00001a78       0x2c ./Sources/main.o
 .text.ADC_read10b.5455
                0x00001aa4       0x44 ./Sources/main.o
 .text.main     0x00001ae8      0x5d0 ./Sources/main.o
                0x00001ae8                main
 .text.itoa     0x000020b8      0x11c ./Sources/data.o
                0x000020b8                itoa
 .text.reverse  0x000021d4       0x5c ./Sources/data.o
                0x000021d4                reverse
 .text.Init_Systick
                0x00002230       0x24 ./Sources/Systick.o
                0x00002230                Init_Systick
 .text.delay_ms
                0x00002254       0x24 ./Sources/Systick.o
                0x00002254                delay_ms
 .text.SysTick_Handler
                0x00002278       0x20 ./Sources/Systick.o
                0x00002278                SysTick_Handler
 .text.__read_console
                0x00002298       0x8c ./Sources/ConsoleIO.o
                0x00002298                __read_console
 .text.__write_console
                0x00002324       0x7c ./Sources/ConsoleIO.o
                0x00002324                __write_console
 .text.__close_console
                0x000023a0       0x14 ./Sources/ConsoleIO.o
                0x000023a0                __close_console
 .text.InitClock
                0x000023b4      0x170 ./Sources/ConsoleIO.o
 .text.ConsoleIO_Init
                0x00002524      0x11c ./Sources/ConsoleIO.o
                0x00002524                ConsoleIO_Init
 .text.puts     0x00002640       0x54 C:/Freescale/CW MCU v10.7/MCU/ARM_GCC_Support/ewl/lib/armv6-m\libc.a(puts.o)
                0x00002640                puts
 .text.__put_char
                0x00002694       0x90 C:/Freescale/CW MCU v10.7/MCU/ARM_GCC_Support/ewl/lib/armv6-m\libc.a(__putchar.o)
                0x00002694                __put_char
 .text.__prep_buffer
                0x00002724       0x14 C:/Freescale/CW MCU v10.7/MCU/ARM_GCC_Support/ewl/lib/armv6-m\libc.a(__buffer_io.o)
                0x00002724                __prep_buffer
 .text.__flush_buffer
                0x00002738       0x38 C:/Freescale/CW MCU v10.7/MCU/ARM_GCC_Support/ewl/lib/armv6-m\libc.a(__buffer_io.o)
                0x00002738                __flush_buffer
 .text.sprintf  0x00002770       0x1a C:/Freescale/CW MCU v10.7/MCU/ARM_GCC_Support/ewl/lib/armv6-m\libc.a(sprintf.o)
                0x00002770                sprintf
 *fill*         0x0000278a        0x2 00
 .text.printf   0x0000278c       0x28 C:/Freescale/CW MCU v10.7/MCU/ARM_GCC_Support/ewl/lib/armv6-m\libc.a(printf.o)
                0x0000278c                printf
 .text.exit     0x000027b4       0x38 C:/Freescale/CW MCU v10.7/MCU/ARM_GCC_Support/ewl/lib/armv6-m\libc.a(exit.o)
                0x000027b4                exit
 .text.sbrk     0x000027ec       0x2c C:/Freescale/CW MCU v10.7/MCU/ARM_GCC_Support/ewl/lib/armv6-m\libc.a(alloc.o)
                0x000027ec                sbrk
 .text.malloc   0x00002818      0x114 C:/Freescale/CW MCU v10.7/MCU/ARM_GCC_Support/ewl/lib/armv6-m\libc.a(alloc.o)
                0x00002818                malloc
 .text.memset   0x0000292c        0xc C:/Freescale/CW MCU v10.7/MCU/ARM_GCC_Support/ewl/lib/armv6-m\libc.a(memset.o)
                0x0000292c                memset
 .text.__fill_mem
                0x00002938       0x7e C:/Freescale/CW MCU v10.7/MCU/ARM_GCC_Support/ewl/lib/armv6-m\libc.a(__filll_mem.o)
                0x00002938                __fill_mem
 .text.memcpy   0x000029b6       0x12 C:/Freescale/CW MCU v10.7/MCU/ARM_GCC_Support/ewl/lib/armv6-m\libc.a(memcpy.o)
                0x000029b6                memcpy
 .text.long2str.isra.0
                0x000029c8      0x19c C:/Freescale/CW MCU v10.7/MCU/ARM_GCC_Support/ewl/lib/armv6-m\libc.a(printformat_.o)
 .text.__pformatter_
                0x00002b64      0x428 C:/Freescale/CW MCU v10.7/MCU/ARM_GCC_Support/ewl/lib/armv6-m\libc.a(printformat_.o)
                0x00002b64                __pformatter_
 .text.__sformatter
                0x00002f8c      0x698 C:/Freescale/CW MCU v10.7/MCU/ARM_GCC_Support/ewl/lib/armv6-m\libc.a(scanformat_.o)
                0x00002f8c                __sformatter
 .text.isalpha  0x00003624       0x20 C:/Freescale/CW MCU v10.7/MCU/ARM_GCC_Support/ewl/lib/armv6-m\libc.a(ctype_aeabi.o)
                0x00003624                isalpha
 .text.isspace  0x00003644       0x20 C:/Freescale/CW MCU v10.7/MCU/ARM_GCC_Support/ewl/lib/armv6-m\libc.a(ctype_aeabi.o)
                0x00003644                isspace
 .text.toupper  0x00003664        0xe C:/Freescale/CW MCU v10.7/MCU/ARM_GCC_Support/ewl/lib/armv6-m\libc.a(ctype_aeabi.o)
                0x00003664                toupper
 .text.__StringWrite
                0x00003672       0x26 C:/Freescale/CW MCU v10.7/MCU/ARM_GCC_Support/ewl/lib/armv6-m\libc.a(vsnprintf.o)
                0x00003672                __StringWrite
 .text.vsnprintf
                0x00003698       0x38 C:/Freescale/CW MCU v10.7/MCU/ARM_GCC_Support/ewl/lib/armv6-m\libc.a(vsnprintf.o)
                0x00003698                vsnprintf
 .text.__fwrite
                0x000036d0      0x160 C:/Freescale/CW MCU v10.7/MCU/ARM_GCC_Support/ewl/lib/armv6-m\libc.a(fwrite.o)
                0x000036d0                __fwrite
 .text.__FileWrite
                0x00003830       0x1c C:/Freescale/CW MCU v10.7/MCU/ARM_GCC_Support/ewl/lib/armv6-m\libc.a(fwrite.o)
                0x00003830                __FileWrite
 .text.__strtoul
                0x0000384c      0x1ce C:/Freescale/CW MCU v10.7/MCU/ARM_GCC_Support/ewl/lib/armv6-m\libc.a(__strtoul.o)
                0x0000384c                __strtoul
 .text.strchr   0x00003a1a       0x1e C:/Freescale/CW MCU v10.7/MCU/ARM_GCC_Support/ewl/lib/armv6-m\libc.a(strchr.o)
                0x00003a1a                strchr
 .text.strlen   0x00003a38       0x10 C:/Freescale/CW MCU v10.7/MCU/ARM_GCC_Support/ewl/lib/armv6-m\libc.a(strlen.o)
                0x00003a38                strlen
 .text.__memrchr
                0x00003a48       0x1e C:/Freescale/CW MCU v10.7/MCU/ARM_GCC_Support/ewl/lib/armv6-m\libc.a(__memrchr.o)
                0x00003a48                __memrchr
 .text.memchr   0x00003a66       0x1a C:/Freescale/CW MCU v10.7/MCU/ARM_GCC_Support/ewl/lib/armv6-m\libc.a(memchr.o)
                0x00003a66                memchr
 .text.__init_cpp
                0x00003a80       0x48 C:/Freescale/CW MCU v10.7/MCU/ARM_GCC_Support/ewl/lib/armv6-m\librt.a(gcc_ctor_dtor.o)
                0x00003a80                __init_cpp
 .text.__fini_cpp
                0x00003ac8       0x34 C:/Freescale/CW MCU v10.7/MCU/ARM_GCC_Support/ewl/lib/armv6-m\librt.a(gcc_ctor_dtor.o)
                0x00003ac8                __fini_cpp
 .text.__destroy_global_chain
                0x00003afc       0x1c C:/Freescale/CW MCU v10.7/MCU/ARM_GCC_Support/ewl/lib/armv6-m\librt.a(__arm_eabi_init.o)
                0x00003afc                __destroy_global_chain
 .text.__init_registers
                0x00003b18       0x1c C:/Freescale/CW MCU v10.7/MCU/ARM_GCC_Support/ewl/lib/armv6-m\librt.a(__arm_eabi_init.o)
                0x00003b18                __init_registers
 .text.__init_user
                0x00003b34        0x4 C:/Freescale/CW MCU v10.7/MCU/ARM_GCC_Support/ewl/lib/armv6-m\librt.a(__arm_eabi_init.o)
                0x00003b34                __init_user
 .text.__copy_rom_section
                0x00003b38       0x48 C:/Freescale/CW MCU v10.7/MCU/ARM_GCC_Support/ewl/lib/armv6-m\librt.a(ROMCopy.o)
                0x00003b38                __copy_rom_section
 .text.__copy_rom_sections_to_ram
                0x00003b80       0x34 C:/Freescale/CW MCU v10.7/MCU/ARM_GCC_Support/ewl/lib/armv6-m\librt.a(ROMCopy.o)
                0x00003b80                __copy_rom_sections_to_ram
 *(.rodata)
 .rodata        0x00003bb4      0x118 ./Sources/main.o
 .rodata        0x00003ccc       0x18 ./Sources/data.o
 .rodata        0x00003ce4       0x40 c:/freescale/cw mcu v10.7/cross_tools/arm-none-eabi-gcc-4_7_3/bin/../lib/gcc/arm-none-eabi/4.7.3/armv6-m\libgcc.a(muldf3.o)
 *(.rodata*)
 .rodata.str1.1
                0x00003d24        0x1 C:/Freescale/CW MCU v10.7/MCU/ARM_GCC_Support/ewl/lib/armv6-m\libc.a(printformat_.o)
 .rodata.CSWTCH.20
                0x00003d25        0x5 C:/Freescale/CW MCU v10.7/MCU/ARM_GCC_Support/ewl/lib/armv6-m\libc.a(printformat_.o)
 .rodata.CSWTCH.21
                0x00003d2a        0x5 C:/Freescale/CW MCU v10.7/MCU/ARM_GCC_Support/ewl/lib/armv6-m\libc.a(printformat_.o)
 .rodata.__aeabi_ctype_table_C
                0x00003d2f      0x101 C:/Freescale/CW MCU v10.7/MCU/ARM_GCC_Support/ewl/lib/armv6-m\libc.a(ctype_aeabi.o)
                0x00003d2f                __aeabi_ctype_table_C
 *(.glue_7)
 .glue_7        0x00000000        0x0 linker stubs
 *(.glue_7t)
 .glue_7t       0x00000000        0x0 linker stubs
 *(.eh_frame)
 *(.init)
 *(.fini)
                0x00003e30                . = ALIGN (0x4)
                0x00003e30                _etext = .

.vfp11_veneer   0x00003e30        0x0
 .vfp11_veneer  0x00000000        0x0 linker stubs

.v4_bx          0x00003e30        0x0
 .v4_bx         0x00000000        0x0 linker stubs

.iplt           0x00003e30        0x0
 .iplt          0x00000000        0x0 ./Project_Settings/Startup_Code/kinetis_sysinit.o

.rel.dyn        0x00003e30        0x0
 .rel.iplt      0x00000000        0x0 ./Project_Settings/Startup_Code/kinetis_sysinit.o

.ARM.extab
 *(.ARM.extab* .gnu.linkonce.armextab.*)

.ARM            0x00003e30        0x0
                0x00003e30                __exidx_start = .
 *(.ARM.exidx*)
                0x00003e30                __exidx_end = .

.ctors          0x00003e30        0x0
                0x00003e30                __CTOR_LIST__ = .
 *crtbegin.o(.ctors)
 *(EXCLUDE_FILE(*crtend.o) .ctors)
 *(SORT(.ctors.*))
 *(.ctors)
                0x00003e30                __CTOR_END__ = .

.dtors          0x00003e30        0x0
                0x00003e30                __DTOR_LIST__ = .
 *crtbegin.o(.dtors)
 *(EXCLUDE_FILE(*crtend.o) .dtors)
 *(SORT(.dtors.*))
 *(.dtors)
                0x00003e30                __DTOR_END__ = .

.preinit_array  0x00003e30        0x0
                0x00003e30                PROVIDE (__preinit_array_start, .)
 *(.preinit_array*)
                0x00003e30                PROVIDE (__preinit_array_end, .)

.init_array     0x00003e30        0x0
                0x00003e30                PROVIDE (__init_array_start, .)
 *(SORT(.init_array.*))
 *(.init_array*)
                0x00003e30                PROVIDE (__init_array_end, .)

.fini_array     0x00003e30        0x0
                0x00003e30                PROVIDE (__fini_array_start, .)
 *(SORT(.fini_array.*))
 *(.fini_array*)
                0x00003e30                PROVIDE (__fini_array_end, .)
                0x00003e30                ___ROM_AT = .

.mtb            0x1ffff000        0x0
                0x1ffff000                . = ALIGN (0x8)
                0x1ffff000                _mtb_start = .
 *(.mtb_buf)
                0x1ffff000                . = ALIGN (0x8)
                0x1ffff000                _mtb_end = .

.data           0x1ffff000       0xd4 load address 0x00003e30
                0x1ffff000                . = ALIGN (0x4)
                0x1ffff000                _sdata = .
 *(.data)
 *(.data*)
 .data.sample   0x1ffff000        0x4 ./Sources/main.o
                0x1ffff000                sample
 .data.tail     0x1ffff004        0x4 C:/Freescale/CW MCU v10.7/MCU/ARM_GCC_Support/ewl/lib/armv6-m\libc.a(alloc.o)
 .data.__files  0x1ffff008       0xcc C:/Freescale/CW MCU v10.7/MCU/ARM_GCC_Support/ewl/lib/armv6-m\libc.a(ansi_files.o)
                0x1ffff008                __files
                0x1ffff0d4                . = ALIGN (0x4)
                0x1ffff0d4                _edata = .
                0x000000d4                ___data_size = (_edata - _sdata)

.igot.plt       0x1ffff0d4        0x0 load address 0x00003f04
 .igot.plt      0x00000000        0x0 ./Project_Settings/Startup_Code/kinetis_sysinit.o
                0x1ffff0d4                . = ALIGN (0x4)

.bss            0x1ffff0d4      0x9ec load address 0x00003f04
                0x1ffff0d4                __START_BSS = .
                0x1ffff0d4                PROVIDE (__bss_start__, __START_BSS)
 *(.bss)
 *(.bss*)
 .bss.argv      0x1ffff0d4        0x4 ./Project_Settings/Startup_Code/__arm_start.o
 .bss.da        0x1ffff0d8        0x1 ./Sources/uartHandler.o
                0x1ffff0d8                da
 *fill*         0x1ffff0d9        0x3 00
 .bss.readIndex
                0x1ffff0dc        0x4 ./Sources/main.o
                0x1ffff0dc                readIndex
 .bss.total     0x1ffff0e0        0x4 ./Sources/main.o
                0x1ffff0e0                total
 .bss.average   0x1ffff0e4        0x4 ./Sources/main.o
                0x1ffff0e4                average
 .bss.DelayTimerTick
                0x1ffff0e8        0x4 ./Sources/Systick.o
 .bss.__stdio_exit
                0x1ffff0ec        0x4 C:/Freescale/CW MCU v10.7/MCU/ARM_GCC_Support/ewl/lib/armv6-m\libc.a(exit.o)
                0x1ffff0ec                __stdio_exit
 .bss.__console_exit
                0x1ffff0f0        0x4 C:/Freescale/CW MCU v10.7/MCU/ARM_GCC_Support/ewl/lib/armv6-m\libc.a(exit.o)
                0x1ffff0f0                __console_exit
 .bss.head      0x1ffff0f4        0x4 C:/Freescale/CW MCU v10.7/MCU/ARM_GCC_Support/ewl/lib/armv6-m\libc.a(alloc.o)
 .bss.heap_end.4347
                0x1ffff0f8        0x4 C:/Freescale/CW MCU v10.7/MCU/ARM_GCC_Support/ewl/lib/armv6-m\libc.a(alloc.o)
 .bss.__global_destructor_chain
                0x1ffff0fc        0x4 C:/Freescale/CW MCU v10.7/MCU/ARM_GCC_Support/ewl/lib/armv6-m\librt.a(__arm_eabi_init.o)
                0x1ffff0fc                __global_destructor_chain
 .bss.__S_romp  0x1ffff100        0xc C:/Freescale/CW MCU v10.7/MCU/ARM_GCC_Support/ewl/lib/armv6-m\librt.a(ROMCopy.o)
 *(COMMON)
 COMMON         0x1ffff10c       0x28 ./Sources/uartHandler.o
                0x1ffff10c                rx_buf
                0x1ffff120                tx_buf
 COMMON         0x1ffff134      0x8cc ./Sources/main.o
                0x1ffff134                soilmoist
                0x1ffff138                data1
                0x1ffff13c                data2
                0x1ffff140                sensorReading
                0x1ffff168                tx_str
                0x1ffff550                str1
                0x1ffff5b4                rx_str
                0x1ffff99c                str2
 COMMON         0x1ffffa00       0xc0 C:/Freescale/CW MCU v10.7/MCU/ARM_GCC_Support/ewl/lib/armv6-m\libc.a(ansi_files.o)
                0x1ffffa00                stdout_buff
                0x1ffffa40                stdin_buff
                0x1ffffa80                stderr_buff
                0x1ffffac0                . = ALIGN (0x4)
                0x1ffffac0                __END_BSS = .
                0x1ffffac0                PROVIDE (__bss_end__, __END_BSS)
                0x00003f04                _romp_at = (___ROM_AT + SIZEOF (.data))

.romp           0x1ffffac0       0x18 load address 0x00003f04
                0x00003f04                __S_romp = _romp_at
                0x1ffffac0        0x4 LONG 0x3e30 ___ROM_AT
                0x1ffffac4        0x4 LONG 0x1ffff000 _sdata
                0x1ffffac8        0x4 LONG 0xd4 ___data_size
                0x1ffffacc        0x4 LONG 0x0
                0x1ffffad0        0x4 LONG 0x0
                0x1ffffad4        0x4 LONG 0x0

._user_heap_stack
                0x1ffffad8      0x800 load address 0x00003f1c
                0x1ffffad8                . = ALIGN (0x4)
                0x1ffffad8                PROVIDE (end, .)
                0x1ffffad8                PROVIDE (_end, .)
                0x1ffffad8                __heap_addr = .
                0x1ffffed8                . = (. + __heap_size)
 *fill*         0x1ffffad8      0x400 00
                0x200002d8                . = (. + __stack_size)
 *fill*         0x1ffffed8      0x400 00
                0x200002d8                . = ALIGN (0x4)

.ARM.attributes
                0x00000000       0x31
 *(.ARM.attributes)
 .ARM.attributes
                0x00000000       0x31 ./Project_Settings/Startup_Code/kinetis_sysinit.o
 .ARM.attributes
                0x00000031       0x31 ./Project_Settings/Startup_Code/__arm_start.o
 .ARM.attributes
                0x00000062       0x31 ./Project_Settings/Startup_Code/__arm_end.o
 .ARM.attributes
                0x00000093       0x31 ./Sources/uartHandler.o
 .ARM.attributes
                0x000000c4       0x31 ./Sources/uartBuffer.o
 .ARM.attributes
                0x000000f5       0x31 ./Sources/memory.o
 .ARM.attributes
                0x00000126       0x31 ./Sources/main.o
 .ARM.attributes
                0x00000157       0x31 ./Sources/data.o
 .ARM.attributes
                0x00000188       0x31 ./Sources/Systick.o
 .ARM.attributes
                0x000001b9       0x31 ./Sources/ConsoleIO.o
 .ARM.attributes
                0x000001ea       0x31 C:/Freescale/CW MCU v10.7/MCU/ARM_GCC_Support/ewl/lib/armv6-m\libc.a(puts.o)
 .ARM.attributes
                0x0000021b       0x31 C:/Freescale/CW MCU v10.7/MCU/ARM_GCC_Support/ewl/lib/armv6-m\libc.a(__putchar.o)
 .ARM.attributes
                0x0000024c       0x31 C:/Freescale/CW MCU v10.7/MCU/ARM_GCC_Support/ewl/lib/armv6-m\libc.a(__buffer_io.o)
 .ARM.attributes
                0x0000027d       0x31 C:/Freescale/CW MCU v10.7/MCU/ARM_GCC_Support/ewl/lib/armv6-m\libc.a(sprintf.o)
 .ARM.attributes
                0x000002ae       0x31 C:/Freescale/CW MCU v10.7/MCU/ARM_GCC_Support/ewl/lib/armv6-m\libc.a(printf.o)
 .ARM.attributes
                0x000002df       0x31 C:/Freescale/CW MCU v10.7/MCU/ARM_GCC_Support/ewl/lib/armv6-m\libc.a(exit.o)
 .ARM.attributes
                0x00000310       0x31 C:/Freescale/CW MCU v10.7/MCU/ARM_GCC_Support/ewl/lib/armv6-m\libc.a(alloc.o)
 .ARM.attributes
                0x00000341       0x31 C:/Freescale/CW MCU v10.7/MCU/ARM_GCC_Support/ewl/lib/armv6-m\libc.a(memset.o)
 .ARM.attributes
                0x00000372       0x31 C:/Freescale/CW MCU v10.7/MCU/ARM_GCC_Support/ewl/lib/armv6-m\libc.a(__filll_mem.o)
 .ARM.attributes
                0x000003a3       0x31 C:/Freescale/CW MCU v10.7/MCU/ARM_GCC_Support/ewl/lib/armv6-m\libc.a(memcpy.o)
 .ARM.attributes
                0x000003d4       0x31 C:/Freescale/CW MCU v10.7/MCU/ARM_GCC_Support/ewl/lib/armv6-m\libc.a(printformat_.o)
 .ARM.attributes
                0x00000405       0x31 C:/Freescale/CW MCU v10.7/MCU/ARM_GCC_Support/ewl/lib/armv6-m\libc.a(scanformat_.o)
 .ARM.attributes
                0x00000436       0x31 C:/Freescale/CW MCU v10.7/MCU/ARM_GCC_Support/ewl/lib/armv6-m\libc.a(ctype_aeabi.o)
 .ARM.attributes
                0x00000467       0x31 C:/Freescale/CW MCU v10.7/MCU/ARM_GCC_Support/ewl/lib/armv6-m\libc.a(vsnprintf.o)
 .ARM.attributes
                0x00000498       0x31 C:/Freescale/CW MCU v10.7/MCU/ARM_GCC_Support/ewl/lib/armv6-m\libc.a(fwrite.o)
 .ARM.attributes
                0x000004c9       0x31 C:/Freescale/CW MCU v10.7/MCU/ARM_GCC_Support/ewl/lib/armv6-m\libc.a(ansi_files.o)
 .ARM.attributes
                0x000004fa       0x31 C:/Freescale/CW MCU v10.7/MCU/ARM_GCC_Support/ewl/lib/armv6-m\libc.a(__strtoul.o)
 .ARM.attributes
                0x0000052b       0x31 C:/Freescale/CW MCU v10.7/MCU/ARM_GCC_Support/ewl/lib/armv6-m\libc.a(strchr.o)
 .ARM.attributes
                0x0000055c       0x31 C:/Freescale/CW MCU v10.7/MCU/ARM_GCC_Support/ewl/lib/armv6-m\libc.a(strlen.o)
 .ARM.attributes
                0x0000058d       0x31 C:/Freescale/CW MCU v10.7/MCU/ARM_GCC_Support/ewl/lib/armv6-m\libc.a(__memrchr.o)
 .ARM.attributes
                0x000005be       0x31 C:/Freescale/CW MCU v10.7/MCU/ARM_GCC_Support/ewl/lib/armv6-m\libc.a(memchr.o)
 .ARM.attributes
                0x000005ef       0x1e c:/freescale/cw mcu v10.7/cross_tools/arm-none-eabi-gcc-4_7_3/bin/../lib/gcc/arm-none-eabi/4.7.3/armv6-m\libgcc.a(_thumb1_case_sqi.o)
 .ARM.attributes
                0x0000060d       0x1e c:/freescale/cw mcu v10.7/cross_tools/arm-none-eabi-gcc-4_7_3/bin/../lib/gcc/arm-none-eabi/4.7.3/armv6-m\libgcc.a(_thumb1_case_uqi.o)
 .ARM.attributes
                0x0000062b       0x1e c:/freescale/cw mcu v10.7/cross_tools/arm-none-eabi-gcc-4_7_3/bin/../lib/gcc/arm-none-eabi/4.7.3/armv6-m\libgcc.a(_udivsi3.o)
 .ARM.attributes
                0x00000649       0x1e c:/freescale/cw mcu v10.7/cross_tools/arm-none-eabi-gcc-4_7_3/bin/../lib/gcc/arm-none-eabi/4.7.3/armv6-m\libgcc.a(_divsi3.o)
 .ARM.attributes
                0x00000667       0x1e c:/freescale/cw mcu v10.7/cross_tools/arm-none-eabi-gcc-4_7_3/bin/../lib/gcc/arm-none-eabi/4.7.3/armv6-m\libgcc.a(_dvmd_tls.o)
 .ARM.attributes
                0x00000685       0x2c c:/freescale/cw mcu v10.7/cross_tools/arm-none-eabi-gcc-4_7_3/bin/../lib/gcc/arm-none-eabi/4.7.3/armv6-m\libgcc.a(adddf3.o)
 .ARM.attributes
                0x000006b1       0x2c c:/freescale/cw mcu v10.7/cross_tools/arm-none-eabi-gcc-4_7_3/bin/../lib/gcc/arm-none-eabi/4.7.3/armv6-m\libgcc.a(muldf3.o)
 .ARM.attributes
                0x000006dd       0x2c c:/freescale/cw mcu v10.7/cross_tools/arm-none-eabi-gcc-4_7_3/bin/../lib/gcc/arm-none-eabi/4.7.3/armv6-m\libgcc.a(fixdfsi.o)
 .ARM.attributes
                0x00000709       0x2c c:/freescale/cw mcu v10.7/cross_tools/arm-none-eabi-gcc-4_7_3/bin/../lib/gcc/arm-none-eabi/4.7.3/armv6-m\libgcc.a(floatsidf.o)
 .ARM.attributes
                0x00000735       0x1e c:/freescale/cw mcu v10.7/cross_tools/arm-none-eabi-gcc-4_7_3/bin/../lib/gcc/arm-none-eabi/4.7.3/armv6-m\libgcc.a(_clzsi2.o)
 .ARM.attributes
                0x00000753       0x31 C:/Freescale/CW MCU v10.7/MCU/ARM_GCC_Support/ewl/lib/armv6-m\librt.a(gcc_ctor_dtor.o)
 .ARM.attributes
                0x00000784       0x31 C:/Freescale/CW MCU v10.7/MCU/ARM_GCC_Support/ewl/lib/armv6-m\librt.a(__arm_eabi_init.o)
 .ARM.attributes
                0x000007b5       0x31 C:/Freescale/CW MCU v10.7/MCU/ARM_GCC_Support/ewl/lib/armv6-m\librt.a(ROMCopy.o)
OUTPUT(ModifiedSmartSoilMoisturesensor.elf elf32-littlearm)

.debug_info     0x00000000     0x6040
 .debug_info    0x00000000      0x447 ./Project_Settings/Startup_Code/kinetis_sysinit.o
 .debug_info    0x00000447      0x12a ./Project_Settings/Startup_Code/__arm_start.o
 .debug_info    0x00000571       0x54 ./Project_Settings/Startup_Code/__arm_end.o
 .debug_info    0x000005c5      0x242 ./Sources/uartHandler.o
 .debug_info    0x00000807      0x256 ./Sources/uartBuffer.o
 .debug_info    0x00000a5d      0x1bd ./Sources/memory.o
 .debug_info    0x00000c1a      0xb0c ./Sources/main.o
 .debug_info    0x00001726      0x358 ./Sources/data.o
 .debug_info    0x00001a7e      0x141 ./Sources/Systick.o
 .debug_info    0x00001bbf      0x6ab ./Sources/ConsoleIO.o
 .debug_info    0x0000226a      0x38a C:/Freescale/CW MCU v10.7/MCU/ARM_GCC_Support/ewl/lib/armv6-m\libc.a(puts.o)
 .debug_info    0x000025f4      0x3fa C:/Freescale/CW MCU v10.7/MCU/ARM_GCC_Support/ewl/lib/armv6-m\libc.a(__putchar.o)
 .debug_info    0x000029ee      0x45d C:/Freescale/CW MCU v10.7/MCU/ARM_GCC_Support/ewl/lib/armv6-m\libc.a(__buffer_io.o)
 .debug_info    0x00002e4b      0x11e C:/Freescale/CW MCU v10.7/MCU/ARM_GCC_Support/ewl/lib/armv6-m\libc.a(sprintf.o)
 .debug_info    0x00002f69      0x399 C:/Freescale/CW MCU v10.7/MCU/ARM_GCC_Support/ewl/lib/armv6-m\libc.a(printf.o)
 .debug_info    0x00003302       0xe8 C:/Freescale/CW MCU v10.7/MCU/ARM_GCC_Support/ewl/lib/armv6-m\libc.a(exit.o)
 .debug_info    0x000033ea      0x340 C:/Freescale/CW MCU v10.7/MCU/ARM_GCC_Support/ewl/lib/armv6-m\libc.a(alloc.o)
 .debug_info    0x0000372a       0xec C:/Freescale/CW MCU v10.7/MCU/ARM_GCC_Support/ewl/lib/armv6-m\libc.a(memset.o)
 .debug_info    0x00003816      0x137 C:/Freescale/CW MCU v10.7/MCU/ARM_GCC_Support/ewl/lib/armv6-m\libc.a(__filll_mem.o)
 .debug_info    0x0000394d      0x10f C:/Freescale/CW MCU v10.7/MCU/ARM_GCC_Support/ewl/lib/armv6-m\libc.a(memcpy.o)
 .debug_info    0x00003a5c      0x50d C:/Freescale/CW MCU v10.7/MCU/ARM_GCC_Support/ewl/lib/armv6-m\libc.a(printformat_.o)
 .debug_info    0x00003f69      0x568 C:/Freescale/CW MCU v10.7/MCU/ARM_GCC_Support/ewl/lib/armv6-m\libc.a(scanformat_.o)
 .debug_info    0x000044d1      0x313 C:/Freescale/CW MCU v10.7/MCU/ARM_GCC_Support/ewl/lib/armv6-m\libc.a(ctype_aeabi.o)
 .debug_info    0x000047e4      0x205 C:/Freescale/CW MCU v10.7/MCU/ARM_GCC_Support/ewl/lib/armv6-m\libc.a(vsnprintf.o)
 .debug_info    0x000049e9      0x60d C:/Freescale/CW MCU v10.7/MCU/ARM_GCC_Support/ewl/lib/armv6-m\libc.a(fwrite.o)
 .debug_info    0x00004ff6      0x4be C:/Freescale/CW MCU v10.7/MCU/ARM_GCC_Support/ewl/lib/armv6-m\libc.a(ansi_files.o)
 .debug_info    0x000054b4      0x1d6 C:/Freescale/CW MCU v10.7/MCU/ARM_GCC_Support/ewl/lib/armv6-m\libc.a(__strtoul.o)
 .debug_info    0x0000568a      0x10b C:/Freescale/CW MCU v10.7/MCU/ARM_GCC_Support/ewl/lib/armv6-m\libc.a(strchr.o)
 .debug_info    0x00005795       0xea C:/Freescale/CW MCU v10.7/MCU/ARM_GCC_Support/ewl/lib/armv6-m\libc.a(strlen.o)
 .debug_info    0x0000587f      0x116 C:/Freescale/CW MCU v10.7/MCU/ARM_GCC_Support/ewl/lib/armv6-m\libc.a(__memrchr.o)
 .debug_info    0x00005995      0x121 C:/Freescale/CW MCU v10.7/MCU/ARM_GCC_Support/ewl/lib/armv6-m\libc.a(memchr.o)
 .debug_info    0x00005ab6      0x136 C:/Freescale/CW MCU v10.7/MCU/ARM_GCC_Support/ewl/lib/armv6-m\librt.a(gcc_ctor_dtor.o)
 .debug_info    0x00005bec      0x2b9 C:/Freescale/CW MCU v10.7/MCU/ARM_GCC_Support/ewl/lib/armv6-m\librt.a(__arm_eabi_init.o)
 .debug_info    0x00005ea5      0x19b C:/Freescale/CW MCU v10.7/MCU/ARM_GCC_Support/ewl/lib/armv6-m\librt.a(ROMCopy.o)

.debug_abbrev   0x00000000     0x1fd3
 .debug_abbrev  0x00000000       0xe7 ./Project_Settings/Startup_Code/kinetis_sysinit.o
 .debug_abbrev  0x000000e7       0x92 ./Project_Settings/Startup_Code/__arm_start.o
 .debug_abbrev  0x00000179       0x4c ./Project_Settings/Startup_Code/__arm_end.o
 .debug_abbrev  0x000001c5       0xe8 ./Sources/uartHandler.o
 .debug_abbrev  0x000002ad       0xf3 ./Sources/uartBuffer.o
 .debug_abbrev  0x000003a0       0xdc ./Sources/memory.o
 .debug_abbrev  0x0000047c      0x1b7 ./Sources/main.o
 .debug_abbrev  0x00000633      0x136 ./Sources/data.o
 .debug_abbrev  0x00000769       0xc7 ./Sources/Systick.o
 .debug_abbrev  0x00000830      0x11c ./Sources/ConsoleIO.o
 .debug_abbrev  0x0000094c      0x10a C:/Freescale/CW MCU v10.7/MCU/ARM_GCC_Support/ewl/lib/armv6-m\libc.a(puts.o)
 .debug_abbrev  0x00000a56       0xf8 C:/Freescale/CW MCU v10.7/MCU/ARM_GCC_Support/ewl/lib/armv6-m\libc.a(__putchar.o)
 .debug_abbrev  0x00000b4e      0x142 C:/Freescale/CW MCU v10.7/MCU/ARM_GCC_Support/ewl/lib/armv6-m\libc.a(__buffer_io.o)
 .debug_abbrev  0x00000c90       0xb1 C:/Freescale/CW MCU v10.7/MCU/ARM_GCC_Support/ewl/lib/armv6-m\libc.a(sprintf.o)
 .debug_abbrev  0x00000d41      0x107 C:/Freescale/CW MCU v10.7/MCU/ARM_GCC_Support/ewl/lib/armv6-m\libc.a(printf.o)
 .debug_abbrev  0x00000e48       0x7a C:/Freescale/CW MCU v10.7/MCU/ARM_GCC_Support/ewl/lib/armv6-m\libc.a(exit.o)
 .debug_abbrev  0x00000ec2      0x167 C:/Freescale/CW MCU v10.7/MCU/ARM_GCC_Support/ewl/lib/armv6-m\libc.a(alloc.o)
 .debug_abbrev  0x00001029       0x62 C:/Freescale/CW MCU v10.7/MCU/ARM_GCC_Support/ewl/lib/armv6-m\libc.a(memset.o)
 .debug_abbrev  0x0000108b       0x78 C:/Freescale/CW MCU v10.7/MCU/ARM_GCC_Support/ewl/lib/armv6-m\libc.a(__filll_mem.o)
 .debug_abbrev  0x00001103       0x95 C:/Freescale/CW MCU v10.7/MCU/ARM_GCC_Support/ewl/lib/armv6-m\libc.a(memcpy.o)
 .debug_abbrev  0x00001198      0x200 C:/Freescale/CW MCU v10.7/MCU/ARM_GCC_Support/ewl/lib/armv6-m\libc.a(printformat_.o)
 .debug_abbrev  0x00001398      0x1f0 C:/Freescale/CW MCU v10.7/MCU/ARM_GCC_Support/ewl/lib/armv6-m\libc.a(scanformat_.o)
 .debug_abbrev  0x00001588       0x9e C:/Freescale/CW MCU v10.7/MCU/ARM_GCC_Support/ewl/lib/armv6-m\libc.a(ctype_aeabi.o)
 .debug_abbrev  0x00001626       0xf0 C:/Freescale/CW MCU v10.7/MCU/ARM_GCC_Support/ewl/lib/armv6-m\libc.a(vsnprintf.o)
 .debug_abbrev  0x00001716      0x16a C:/Freescale/CW MCU v10.7/MCU/ARM_GCC_Support/ewl/lib/armv6-m\libc.a(fwrite.o)
 .debug_abbrev  0x00001880      0x107 C:/Freescale/CW MCU v10.7/MCU/ARM_GCC_Support/ewl/lib/armv6-m\libc.a(ansi_files.o)
 .debug_abbrev  0x00001987       0xc2 C:/Freescale/CW MCU v10.7/MCU/ARM_GCC_Support/ewl/lib/armv6-m\libc.a(__strtoul.o)
 .debug_abbrev  0x00001a49       0x7a C:/Freescale/CW MCU v10.7/MCU/ARM_GCC_Support/ewl/lib/armv6-m\libc.a(strchr.o)
 .debug_abbrev  0x00001ac3       0x7a C:/Freescale/CW MCU v10.7/MCU/ARM_GCC_Support/ewl/lib/armv6-m\libc.a(strlen.o)
 .debug_abbrev  0x00001b3d       0x95 C:/Freescale/CW MCU v10.7/MCU/ARM_GCC_Support/ewl/lib/armv6-m\libc.a(__memrchr.o)
 .debug_abbrev  0x00001bd2       0x95 C:/Freescale/CW MCU v10.7/MCU/ARM_GCC_Support/ewl/lib/armv6-m\libc.a(memchr.o)
 .debug_abbrev  0x00001c67       0x99 C:/Freescale/CW MCU v10.7/MCU/ARM_GCC_Support/ewl/lib/armv6-m\librt.a(gcc_ctor_dtor.o)
 .debug_abbrev  0x00001d00      0x1b3 C:/Freescale/CW MCU v10.7/MCU/ARM_GCC_Support/ewl/lib/armv6-m\librt.a(__arm_eabi_init.o)
 .debug_abbrev  0x00001eb3      0x120 C:/Freescale/CW MCU v10.7/MCU/ARM_GCC_Support/ewl/lib/armv6-m\librt.a(ROMCopy.o)

.debug_loc      0x00000000     0x37b2
 .debug_loc     0x00000000       0x58 ./Project_Settings/Startup_Code/kinetis_sysinit.o
 .debug_loc     0x00000058       0x2c ./Project_Settings/Startup_Code/__arm_start.o
 .debug_loc     0x00000084       0x38 ./Project_Settings/Startup_Code/__arm_end.o
 .debug_loc     0x000000bc       0x38 ./Sources/uartHandler.o
 .debug_loc     0x000000f4      0x150 ./Sources/uartBuffer.o
 .debug_loc     0x00000244       0xaa ./Sources/memory.o
 .debug_loc     0x000002ee       0xa8 ./Sources/main.o
 .debug_loc     0x00000396      0x118 ./Sources/data.o
 .debug_loc     0x000004ae       0x90 ./Sources/Systick.o
 .debug_loc     0x0000053e      0x100 ./Sources/ConsoleIO.o
 .debug_loc     0x0000063e       0x72 C:/Freescale/CW MCU v10.7/MCU/ARM_GCC_Support/ewl/lib/armv6-m\libc.a(puts.o)
 .debug_loc     0x000006b0       0x87 C:/Freescale/CW MCU v10.7/MCU/ARM_GCC_Support/ewl/lib/armv6-m\libc.a(__putchar.o)
 .debug_loc     0x00000737      0x126 C:/Freescale/CW MCU v10.7/MCU/ARM_GCC_Support/ewl/lib/armv6-m\libc.a(__buffer_io.o)
 .debug_loc     0x0000085d       0x3f C:/Freescale/CW MCU v10.7/MCU/ARM_GCC_Support/ewl/lib/armv6-m\libc.a(sprintf.o)
 .debug_loc     0x0000089c       0x2c C:/Freescale/CW MCU v10.7/MCU/ARM_GCC_Support/ewl/lib/armv6-m\libc.a(printf.o)
 .debug_loc     0x000008c8       0x3e C:/Freescale/CW MCU v10.7/MCU/ARM_GCC_Support/ewl/lib/armv6-m\libc.a(exit.o)
 .debug_loc     0x00000906      0x335 C:/Freescale/CW MCU v10.7/MCU/ARM_GCC_Support/ewl/lib/armv6-m\libc.a(alloc.o)
 .debug_loc     0x00000c3b       0x6f C:/Freescale/CW MCU v10.7/MCU/ARM_GCC_Support/ewl/lib/armv6-m\libc.a(memset.o)
 .debug_loc     0x00000caa      0x14a C:/Freescale/CW MCU v10.7/MCU/ARM_GCC_Support/ewl/lib/armv6-m\libc.a(__filll_mem.o)
 .debug_loc     0x00000df4       0x59 C:/Freescale/CW MCU v10.7/MCU/ARM_GCC_Support/ewl/lib/armv6-m\libc.a(memcpy.o)
 .debug_loc     0x00000e4d     0x104b C:/Freescale/CW MCU v10.7/MCU/ARM_GCC_Support/ewl/lib/armv6-m\libc.a(printformat_.o)
 .debug_loc     0x00001e98      0x9d8 C:/Freescale/CW MCU v10.7/MCU/ARM_GCC_Support/ewl/lib/armv6-m\libc.a(scanformat_.o)
 .debug_loc     0x00002870      0x30d C:/Freescale/CW MCU v10.7/MCU/ARM_GCC_Support/ewl/lib/armv6-m\libc.a(ctype_aeabi.o)
 .debug_loc     0x00002b7d      0x105 C:/Freescale/CW MCU v10.7/MCU/ARM_GCC_Support/ewl/lib/armv6-m\libc.a(vsnprintf.o)
 .debug_loc     0x00002c82      0x2c2 C:/Freescale/CW MCU v10.7/MCU/ARM_GCC_Support/ewl/lib/armv6-m\libc.a(fwrite.o)
 .debug_loc     0x00002f44       0x8c C:/Freescale/CW MCU v10.7/MCU/ARM_GCC_Support/ewl/lib/armv6-m\libc.a(ansi_files.o)
 .debug_loc     0x00002fd0      0x305 C:/Freescale/CW MCU v10.7/MCU/ARM_GCC_Support/ewl/lib/armv6-m\libc.a(__strtoul.o)
 .debug_loc     0x000032d5       0xaf C:/Freescale/CW MCU v10.7/MCU/ARM_GCC_Support/ewl/lib/armv6-m\libc.a(strchr.o)
 .debug_loc     0x00003384       0x33 C:/Freescale/CW MCU v10.7/MCU/ARM_GCC_Support/ewl/lib/armv6-m\libc.a(strlen.o)
 .debug_loc     0x000033b7       0x77 C:/Freescale/CW MCU v10.7/MCU/ARM_GCC_Support/ewl/lib/armv6-m\libc.a(__memrchr.o)
 .debug_loc     0x0000342e       0x77 C:/Freescale/CW MCU v10.7/MCU/ARM_GCC_Support/ewl/lib/armv6-m\libc.a(memchr.o)
 .debug_loc     0x000034a5       0x9d C:/Freescale/CW MCU v10.7/MCU/ARM_GCC_Support/ewl/lib/armv6-m\librt.a(gcc_ctor_dtor.o)
 .debug_loc     0x00003542      0x197 C:/Freescale/CW MCU v10.7/MCU/ARM_GCC_Support/ewl/lib/armv6-m\librt.a(__arm_eabi_init.o)
 .debug_loc     0x000036d9       0xd9 C:/Freescale/CW MCU v10.7/MCU/ARM_GCC_Support/ewl/lib/armv6-m\librt.a(ROMCopy.o)

.debug_aranges  0x00000000      0x600
 .debug_aranges
                0x00000000       0x28 ./Project_Settings/Startup_Code/kinetis_sysinit.o
 .debug_aranges
                0x00000028       0x30 ./Project_Settings/Startup_Code/__arm_start.o
 .debug_aranges
                0x00000058       0x20 ./Project_Settings/Startup_Code/__arm_end.o
 .debug_aranges
                0x00000078       0x20 ./Sources/uartHandler.o
 .debug_aranges
                0x00000098       0x48 ./Sources/uartBuffer.o
 .debug_aranges
                0x000000e0       0x30 ./Sources/memory.o
 .debug_aranges
                0x00000110       0x30 ./Sources/main.o
 .debug_aranges
                0x00000140       0x40 ./Sources/data.o
 .debug_aranges
                0x00000180       0x30 ./Sources/Systick.o
 .debug_aranges
                0x000001b0       0x40 ./Sources/ConsoleIO.o
 .debug_aranges
                0x000001f0       0x20 C:/Freescale/CW MCU v10.7/MCU/ARM_GCC_Support/ewl/lib/armv6-m\libc.a(puts.o)
 .debug_aranges
                0x00000210       0x20 C:/Freescale/CW MCU v10.7/MCU/ARM_GCC_Support/ewl/lib/armv6-m\libc.a(__putchar.o)
 .debug_aranges
                0x00000230       0x30 C:/Freescale/CW MCU v10.7/MCU/ARM_GCC_Support/ewl/lib/armv6-m\libc.a(__buffer_io.o)
 .debug_aranges
                0x00000260       0x20 C:/Freescale/CW MCU v10.7/MCU/ARM_GCC_Support/ewl/lib/armv6-m\libc.a(sprintf.o)
 .debug_aranges
                0x00000280       0x20 C:/Freescale/CW MCU v10.7/MCU/ARM_GCC_Support/ewl/lib/armv6-m\libc.a(printf.o)
 .debug_aranges
                0x000002a0       0x20 C:/Freescale/CW MCU v10.7/MCU/ARM_GCC_Support/ewl/lib/armv6-m\libc.a(exit.o)
 .debug_aranges
                0x000002c0       0x40 C:/Freescale/CW MCU v10.7/MCU/ARM_GCC_Support/ewl/lib/armv6-m\libc.a(alloc.o)
 .debug_aranges
                0x00000300       0x20 C:/Freescale/CW MCU v10.7/MCU/ARM_GCC_Support/ewl/lib/armv6-m\libc.a(memset.o)
 .debug_aranges
                0x00000320       0x20 C:/Freescale/CW MCU v10.7/MCU/ARM_GCC_Support/ewl/lib/armv6-m\libc.a(__filll_mem.o)
 .debug_aranges
                0x00000340       0x20 C:/Freescale/CW MCU v10.7/MCU/ARM_GCC_Support/ewl/lib/armv6-m\libc.a(memcpy.o)
 .debug_aranges
                0x00000360       0x28 C:/Freescale/CW MCU v10.7/MCU/ARM_GCC_Support/ewl/lib/armv6-m\libc.a(printformat_.o)
 .debug_aranges
                0x00000388       0x20 C:/Freescale/CW MCU v10.7/MCU/ARM_GCC_Support/ewl/lib/armv6-m\libc.a(scanformat_.o)
 .debug_aranges
                0x000003a8       0x88 C:/Freescale/CW MCU v10.7/MCU/ARM_GCC_Support/ewl/lib/armv6-m\libc.a(ctype_aeabi.o)
 .debug_aranges
                0x00000430       0x28 C:/Freescale/CW MCU v10.7/MCU/ARM_GCC_Support/ewl/lib/armv6-m\libc.a(vsnprintf.o)
 .debug_aranges
                0x00000458       0x30 C:/Freescale/CW MCU v10.7/MCU/ARM_GCC_Support/ewl/lib/armv6-m\libc.a(fwrite.o)
 .debug_aranges
                0x00000488       0x28 C:/Freescale/CW MCU v10.7/MCU/ARM_GCC_Support/ewl/lib/armv6-m\libc.a(ansi_files.o)
 .debug_aranges
                0x000004b0       0x20 C:/Freescale/CW MCU v10.7/MCU/ARM_GCC_Support/ewl/lib/armv6-m\libc.a(__strtoul.o)
 .debug_aranges
                0x000004d0       0x20 C:/Freescale/CW MCU v10.7/MCU/ARM_GCC_Support/ewl/lib/armv6-m\libc.a(strchr.o)
 .debug_aranges
                0x000004f0       0x20 C:/Freescale/CW MCU v10.7/MCU/ARM_GCC_Support/ewl/lib/armv6-m\libc.a(strlen.o)
 .debug_aranges
                0x00000510       0x20 C:/Freescale/CW MCU v10.7/MCU/ARM_GCC_Support/ewl/lib/armv6-m\libc.a(__memrchr.o)
 .debug_aranges
                0x00000530       0x20 C:/Freescale/CW MCU v10.7/MCU/ARM_GCC_Support/ewl/lib/armv6-m\libc.a(memchr.o)
 .debug_aranges
                0x00000550       0x28 C:/Freescale/CW MCU v10.7/MCU/ARM_GCC_Support/ewl/lib/armv6-m\librt.a(gcc_ctor_dtor.o)
 .debug_aranges
                0x00000578       0x58 C:/Freescale/CW MCU v10.7/MCU/ARM_GCC_Support/ewl/lib/armv6-m\librt.a(__arm_eabi_init.o)
 .debug_aranges
                0x000005d0       0x30 C:/Freescale/CW MCU v10.7/MCU/ARM_GCC_Support/ewl/lib/armv6-m\librt.a(ROMCopy.o)

.debug_macinfo  0x00000000   0x12369b
 .debug_macinfo
                0x00000000    0x27956 ./Project_Settings/Startup_Code/kinetis_sysinit.o
 .debug_macinfo
                0x00027956     0x3e6d ./Project_Settings/Startup_Code/__arm_start.o
 .debug_macinfo
                0x0002b7c3     0x3456 ./Project_Settings/Startup_Code/__arm_end.o
 .debug_macinfo
                0x0002ec19    0x27976 ./Sources/uartHandler.o
 .debug_macinfo
                0x0005658f     0x436f ./Sources/uartBuffer.o
 .debug_macinfo
                0x0005a8fe    0x27932 ./Sources/memory.o
 .debug_macinfo
                0x00082230    0x281cc ./Sources/main.o
 .debug_macinfo
                0x000aa3fc    0x27930 ./Sources/data.o
 .debug_macinfo
                0x000d1d2c    0x27a5c ./Sources/Systick.o
 .debug_macinfo
                0x000f9788    0x29f13 ./Sources/ConsoleIO.o

.debug_line     0x00000000     0x3447
 .debug_line    0x00000000      0x281 ./Project_Settings/Startup_Code/kinetis_sysinit.o
 .debug_line    0x00000281      0x2bb ./Project_Settings/Startup_Code/__arm_start.o
 .debug_line    0x0000053c      0x265 ./Project_Settings/Startup_Code/__arm_end.o
 .debug_line    0x000007a1      0x26b ./Sources/uartHandler.o
 .debug_line    0x00000a0c      0x331 ./Sources/uartBuffer.o
 .debug_line    0x00000d3d      0x277 ./Sources/memory.o
 .debug_line    0x00000fb4      0x432 ./Sources/main.o
 .debug_line    0x000013e6      0x2e0 ./Sources/data.o
 .debug_line    0x000016c6      0x27b ./Sources/Systick.o
 .debug_line    0x00001941      0x3c0 ./Sources/ConsoleIO.o
 .debug_line    0x00001d01       0x9a C:/Freescale/CW MCU v10.7/MCU/ARM_GCC_Support/ewl/lib/armv6-m\libc.a(puts.o)
 .debug_line    0x00001d9b       0xc2 C:/Freescale/CW MCU v10.7/MCU/ARM_GCC_Support/ewl/lib/armv6-m\libc.a(__putchar.o)
 .debug_line    0x00001e5d       0xf0 C:/Freescale/CW MCU v10.7/MCU/ARM_GCC_Support/ewl/lib/armv6-m\libc.a(__buffer_io.o)
 .debug_line    0x00001f4d       0x93 C:/Freescale/CW MCU v10.7/MCU/ARM_GCC_Support/ewl/lib/armv6-m\libc.a(sprintf.o)
 .debug_line    0x00001fe0       0xb0 C:/Freescale/CW MCU v10.7/MCU/ARM_GCC_Support/ewl/lib/armv6-m\libc.a(printf.o)
 .debug_line    0x00002090       0x8d C:/Freescale/CW MCU v10.7/MCU/ARM_GCC_Support/ewl/lib/armv6-m\libc.a(exit.o)
 .debug_line    0x0000211d      0x156 C:/Freescale/CW MCU v10.7/MCU/ARM_GCC_Support/ewl/lib/armv6-m\libc.a(alloc.o)
 .debug_line    0x00002273       0x90 C:/Freescale/CW MCU v10.7/MCU/ARM_GCC_Support/ewl/lib/armv6-m\libc.a(memset.o)
 .debug_line    0x00002303       0xf6 C:/Freescale/CW MCU v10.7/MCU/ARM_GCC_Support/ewl/lib/armv6-m\libc.a(__filll_mem.o)
 .debug_line    0x000023f9       0x8b C:/Freescale/CW MCU v10.7/MCU/ARM_GCC_Support/ewl/lib/armv6-m\libc.a(memcpy.o)
 .debug_line    0x00002484      0x2c3 C:/Freescale/CW MCU v10.7/MCU/ARM_GCC_Support/ewl/lib/armv6-m\libc.a(printformat_.o)
 .debug_line    0x00002747      0x2be C:/Freescale/CW MCU v10.7/MCU/ARM_GCC_Support/ewl/lib/armv6-m\libc.a(scanformat_.o)
 .debug_line    0x00002a05      0x1be C:/Freescale/CW MCU v10.7/MCU/ARM_GCC_Support/ewl/lib/armv6-m\libc.a(ctype_aeabi.o)
 .debug_line    0x00002bc3       0xd4 C:/Freescale/CW MCU v10.7/MCU/ARM_GCC_Support/ewl/lib/armv6-m\libc.a(vsnprintf.o)
 .debug_line    0x00002c97      0x158 C:/Freescale/CW MCU v10.7/MCU/ARM_GCC_Support/ewl/lib/armv6-m\libc.a(fwrite.o)
 .debug_line    0x00002def       0xc0 C:/Freescale/CW MCU v10.7/MCU/ARM_GCC_Support/ewl/lib/armv6-m\libc.a(ansi_files.o)
 .debug_line    0x00002eaf      0x11e C:/Freescale/CW MCU v10.7/MCU/ARM_GCC_Support/ewl/lib/armv6-m\libc.a(__strtoul.o)
 .debug_line    0x00002fcd       0x7d C:/Freescale/CW MCU v10.7/MCU/ARM_GCC_Support/ewl/lib/armv6-m\libc.a(strchr.o)
 .debug_line    0x0000304a       0x85 C:/Freescale/CW MCU v10.7/MCU/ARM_GCC_Support/ewl/lib/armv6-m\libc.a(strlen.o)
 .debug_line    0x000030cf       0x99 C:/Freescale/CW MCU v10.7/MCU/ARM_GCC_Support/ewl/lib/armv6-m\libc.a(__memrchr.o)
 .debug_line    0x00003168       0x9f C:/Freescale/CW MCU v10.7/MCU/ARM_GCC_Support/ewl/lib/armv6-m\libc.a(memchr.o)
 .debug_line    0x00003207       0x6c C:/Freescale/CW MCU v10.7/MCU/ARM_GCC_Support/ewl/lib/armv6-m\librt.a(gcc_ctor_dtor.o)
 .debug_line    0x00003273      0x117 C:/Freescale/CW MCU v10.7/MCU/ARM_GCC_Support/ewl/lib/armv6-m\librt.a(__arm_eabi_init.o)
 .debug_line    0x0000338a       0xbd C:/Freescale/CW MCU v10.7/MCU/ARM_GCC_Support/ewl/lib/armv6-m\librt.a(ROMCopy.o)

.debug_str      0x00000000     0x1915
 .debug_str     0x00000000      0x2b9 ./Project_Settings/Startup_Code/kinetis_sysinit.o
                                0x2e0 (size before relaxing)
 .debug_str     0x000002b9       0x85 ./Project_Settings/Startup_Code/__arm_start.o
                                0x1ba (size before relaxing)
 .debug_str     0x0000033e       0x41 ./Project_Settings/Startup_Code/__arm_end.o
                                 0xf1 (size before relaxing)
 .debug_str     0x0000037f       0xe2 ./Sources/uartHandler.o
                                0x21d (size before relaxing)
 .debug_str     0x00000461       0x58 ./Sources/uartBuffer.o
                                0x232 (size before relaxing)
 .debug_str     0x000004b9       0x52 ./Sources/memory.o
                                0x18d (size before relaxing)
 .debug_str     0x0000050b      0x391 ./Sources/main.o
                                0x63e (size before relaxing)
 .debug_str     0x0000089c       0x5c ./Sources/data.o
                                0x1bb (size before relaxing)
 .debug_str     0x000008f8       0x7c ./Sources/Systick.o
                                0x1b5 (size before relaxing)
 .debug_str     0x00000974       0xe9 ./Sources/ConsoleIO.o
                                0x37b (size before relaxing)
 .debug_str     0x00000a5d      0x17a C:/Freescale/CW MCU v10.7/MCU/ARM_GCC_Support/ewl/lib/armv6-m\libc.a(puts.o)
                                0x2cc (size before relaxing)
 .debug_str     0x00000bd7       0xf3 C:/Freescale/CW MCU v10.7/MCU/ARM_GCC_Support/ewl/lib/armv6-m\libc.a(__putchar.o)
                                0x39e (size before relaxing)
 .debug_str     0x00000cca       0x94 C:/Freescale/CW MCU v10.7/MCU/ARM_GCC_Support/ewl/lib/armv6-m\libc.a(__buffer_io.o)
                                0x373 (size before relaxing)
 .debug_str     0x00000d5e       0x28 C:/Freescale/CW MCU v10.7/MCU/ARM_GCC_Support/ewl/lib/armv6-m\libc.a(sprintf.o)
                                0x163 (size before relaxing)
 .debug_str     0x00000d86       0x13 C:/Freescale/CW MCU v10.7/MCU/ARM_GCC_Support/ewl/lib/armv6-m\libc.a(printf.o)
                                0x2e9 (size before relaxing)
 .debug_str     0x00000d99       0x2e C:/Freescale/CW MCU v10.7/MCU/ARM_GCC_Support/ewl/lib/armv6-m\libc.a(exit.o)
                                0x157 (size before relaxing)
 .debug_str     0x00000dc7       0xb7 C:/Freescale/CW MCU v10.7/MCU/ARM_GCC_Support/ewl/lib/armv6-m\libc.a(alloc.o)
                                0x200 (size before relaxing)
 .debug_str     0x00000e7e       0x1c C:/Freescale/CW MCU v10.7/MCU/ARM_GCC_Support/ewl/lib/armv6-m\libc.a(memset.o)
                                0x140 (size before relaxing)
 .debug_str     0x00000e9a       0x25 C:/Freescale/CW MCU v10.7/MCU/ARM_GCC_Support/ewl/lib/armv6-m\libc.a(__filll_mem.o)
                                0x152 (size before relaxing)
 .debug_str     0x00000ebf       0x1c C:/Freescale/CW MCU v10.7/MCU/ARM_GCC_Support/ewl/lib/armv6-m\libc.a(memcpy.o)
                                0x138 (size before relaxing)
 .debug_str     0x00000edb      0x213 C:/Freescale/CW MCU v10.7/MCU/ARM_GCC_Support/ewl/lib/armv6-m\libc.a(printformat_.o)
                                0x3b3 (size before relaxing)
 .debug_str     0x000010ee      0x172 C:/Freescale/CW MCU v10.7/MCU/ARM_GCC_Support/ewl/lib/armv6-m\libc.a(scanformat_.o)
                                0x3f9 (size before relaxing)
 .debug_str     0x00001260       0x9d C:/Freescale/CW MCU v10.7/MCU/ARM_GCC_Support/ewl/lib/armv6-m\libc.a(ctype_aeabi.o)
                                0x1bc (size before relaxing)
 .debug_str     0x000012fd       0x83 C:/Freescale/CW MCU v10.7/MCU/ARM_GCC_Support/ewl/lib/armv6-m\libc.a(vsnprintf.o)
                                0x1cc (size before relaxing)
 .debug_str     0x00001380      0x14b C:/Freescale/CW MCU v10.7/MCU/ARM_GCC_Support/ewl/lib/armv6-m\libc.a(fwrite.o)
                                0x53b (size before relaxing)
 .debug_str     0x000014cb       0xc6 C:/Freescale/CW MCU v10.7/MCU/ARM_GCC_Support/ewl/lib/armv6-m\libc.a(ansi_files.o)
                                0x442 (size before relaxing)
 .debug_str     0x00001591       0x55 C:/Freescale/CW MCU v10.7/MCU/ARM_GCC_Support/ewl/lib/armv6-m\libc.a(__strtoul.o)
                                0x1fb (size before relaxing)
 .debug_str     0x000015e6       0x1c C:/Freescale/CW MCU v10.7/MCU/ARM_GCC_Support/ewl/lib/armv6-m\libc.a(strchr.o)
                                0x137 (size before relaxing)
 .debug_str     0x00001602       0x1c C:/Freescale/CW MCU v10.7/MCU/ARM_GCC_Support/ewl/lib/armv6-m\libc.a(strlen.o)
                                0x140 (size before relaxing)
 .debug_str     0x0000161e       0x22 C:/Freescale/CW MCU v10.7/MCU/ARM_GCC_Support/ewl/lib/armv6-m\libc.a(__memrchr.o)
                                0x145 (size before relaxing)
 .debug_str     0x00001640       0x1c C:/Freescale/CW MCU v10.7/MCU/ARM_GCC_Support/ewl/lib/armv6-m\libc.a(memchr.o)
                                0x148 (size before relaxing)
 .debug_str     0x0000165c      0x126 C:/Freescale/CW MCU v10.7/MCU/ARM_GCC_Support/ewl/lib/armv6-m\librt.a(gcc_ctor_dtor.o)
                                0x181 (size before relaxing)
 .debug_str     0x00001782       0xf8 C:/Freescale/CW MCU v10.7/MCU/ARM_GCC_Support/ewl/lib/armv6-m\librt.a(__arm_eabi_init.o)
                                0x1b5 (size before relaxing)
 .debug_str     0x0000187a       0x9b C:/Freescale/CW MCU v10.7/MCU/ARM_GCC_Support/ewl/lib/armv6-m\librt.a(ROMCopy.o)
                                0x13c (size before relaxing)

.comment        0x00000000       0x79
 .comment       0x00000000       0x79 ./Project_Settings/Startup_Code/kinetis_sysinit.o
                                 0x7a (size before relaxing)
 .comment       0x00000000       0x7a ./Project_Settings/Startup_Code/__arm_start.o
 .comment       0x00000000       0x7a ./Project_Settings/Startup_Code/__arm_end.o
 .comment       0x00000000       0x7a ./Sources/uartHandler.o
 .comment       0x00000000       0x7a ./Sources/uartBuffer.o
 .comment       0x00000000       0x7a ./Sources/memory.o
 .comment       0x00000000       0x7a ./Sources/main.o
 .comment       0x00000000       0x7a ./Sources/data.o
 .comment       0x00000000       0x7a ./Sources/Systick.o
 .comment       0x00000000       0x7a ./Sources/ConsoleIO.o
 .comment       0x00000000       0x7a C:/Freescale/CW MCU v10.7/MCU/ARM_GCC_Support/ewl/lib/armv6-m\libc.a(puts.o)
 .comment       0x00000000       0x7a C:/Freescale/CW MCU v10.7/MCU/ARM_GCC_Support/ewl/lib/armv6-m\libc.a(__putchar.o)
 .comment       0x00000000       0x7a C:/Freescale/CW MCU v10.7/MCU/ARM_GCC_Support/ewl/lib/armv6-m\libc.a(__buffer_io.o)
 .comment       0x00000000       0x7a C:/Freescale/CW MCU v10.7/MCU/ARM_GCC_Support/ewl/lib/armv6-m\libc.a(sprintf.o)
 .comment       0x00000000       0x7a C:/Freescale/CW MCU v10.7/MCU/ARM_GCC_Support/ewl/lib/armv6-m\libc.a(printf.o)
 .comment       0x00000000       0x7a C:/Freescale/CW MCU v10.7/MCU/ARM_GCC_Support/ewl/lib/armv6-m\libc.a(exit.o)
 .comment       0x00000000       0x7a C:/Freescale/CW MCU v10.7/MCU/ARM_GCC_Support/ewl/lib/armv6-m\libc.a(alloc.o)
 .comment       0x00000000       0x7a C:/Freescale/CW MCU v10.7/MCU/ARM_GCC_Support/ewl/lib/armv6-m\libc.a(memset.o)
 .comment       0x00000000       0x7a C:/Freescale/CW MCU v10.7/MCU/ARM_GCC_Support/ewl/lib/armv6-m\libc.a(__filll_mem.o)
 .comment       0x00000000       0x7a C:/Freescale/CW MCU v10.7/MCU/ARM_GCC_Support/ewl/lib/armv6-m\libc.a(memcpy.o)
 .comment       0x00000000       0x7a C:/Freescale/CW MCU v10.7/MCU/ARM_GCC_Support/ewl/lib/armv6-m\libc.a(printformat_.o)
 .comment       0x00000000       0x7a C:/Freescale/CW MCU v10.7/MCU/ARM_GCC_Support/ewl/lib/armv6-m\libc.a(scanformat_.o)
 .comment       0x00000000       0x7a C:/Freescale/CW MCU v10.7/MCU/ARM_GCC_Support/ewl/lib/armv6-m\libc.a(ctype_aeabi.o)
 .comment       0x00000000       0x7a C:/Freescale/CW MCU v10.7/MCU/ARM_GCC_Support/ewl/lib/armv6-m\libc.a(vsnprintf.o)
 .comment       0x00000000       0x7a C:/Freescale/CW MCU v10.7/MCU/ARM_GCC_Support/ewl/lib/armv6-m\libc.a(fwrite.o)
 .comment       0x00000000       0x7a C:/Freescale/CW MCU v10.7/MCU/ARM_GCC_Support/ewl/lib/armv6-m\libc.a(ansi_files.o)
 .comment       0x00000000       0x7a C:/Freescale/CW MCU v10.7/MCU/ARM_GCC_Support/ewl/lib/armv6-m\libc.a(__strtoul.o)
 .comment       0x00000000       0x7a C:/Freescale/CW MCU v10.7/MCU/ARM_GCC_Support/ewl/lib/armv6-m\libc.a(strchr.o)
 .comment       0x00000000       0x7a C:/Freescale/CW MCU v10.7/MCU/ARM_GCC_Support/ewl/lib/armv6-m\libc.a(strlen.o)
 .comment       0x00000000       0x7a C:/Freescale/CW MCU v10.7/MCU/ARM_GCC_Support/ewl/lib/armv6-m\libc.a(__memrchr.o)
 .comment       0x00000000       0x7a C:/Freescale/CW MCU v10.7/MCU/ARM_GCC_Support/ewl/lib/armv6-m\libc.a(memchr.o)
 .comment       0x00000000       0x7a C:/Freescale/CW MCU v10.7/MCU/ARM_GCC_Support/ewl/lib/armv6-m\librt.a(gcc_ctor_dtor.o)
 .comment       0x00000000       0x7a C:/Freescale/CW MCU v10.7/MCU/ARM_GCC_Support/ewl/lib/armv6-m\librt.a(__arm_eabi_init.o)
 .comment       0x00000000       0x7a C:/Freescale/CW MCU v10.7/MCU/ARM_GCC_Support/ewl/lib/armv6-m\librt.a(ROMCopy.o)

.debug_frame    0x00000000      0xcc4
 .debug_frame   0x00000000       0x48 ./Project_Settings/Startup_Code/kinetis_sysinit.o
 .debug_frame   0x00000048       0x4c ./Project_Settings/Startup_Code/__arm_start.o
 .debug_frame   0x00000094       0x30 ./Project_Settings/Startup_Code/__arm_end.o
 .debug_frame   0x000000c4       0x30 ./Sources/uartHandler.o
 .debug_frame   0x000000f4       0xd0 ./Sources/uartBuffer.o
 .debug_frame   0x000001c4       0x70 ./Sources/memory.o
 .debug_frame   0x00000234       0x70 ./Sources/main.o
 .debug_frame   0x000002a4       0xb4 ./Sources/data.o
 .debug_frame   0x00000358       0x68 ./Sources/Systick.o
 .debug_frame   0x000003c0       0xa8 ./Sources/ConsoleIO.o
 .debug_frame   0x00000468       0x28 C:/Freescale/CW MCU v10.7/MCU/ARM_GCC_Support/ewl/lib/armv6-m\libc.a(puts.o)
 .debug_frame   0x00000490       0x2c C:/Freescale/CW MCU v10.7/MCU/ARM_GCC_Support/ewl/lib/armv6-m\libc.a(__putchar.o)
 .debug_frame   0x000004bc       0x58 C:/Freescale/CW MCU v10.7/MCU/ARM_GCC_Support/ewl/lib/armv6-m\libc.a(__buffer_io.o)
 .debug_frame   0x00000514       0x2c C:/Freescale/CW MCU v10.7/MCU/ARM_GCC_Support/ewl/lib/armv6-m\libc.a(sprintf.o)
 .debug_frame   0x00000540       0x34 C:/Freescale/CW MCU v10.7/MCU/ARM_GCC_Support/ewl/lib/armv6-m\libc.a(printf.o)
 .debug_frame   0x00000574       0x2c C:/Freescale/CW MCU v10.7/MCU/ARM_GCC_Support/ewl/lib/armv6-m\libc.a(exit.o)
 .debug_frame   0x000005a0       0x9c C:/Freescale/CW MCU v10.7/MCU/ARM_GCC_Support/ewl/lib/armv6-m\libc.a(alloc.o)
 .debug_frame   0x0000063c       0x28 C:/Freescale/CW MCU v10.7/MCU/ARM_GCC_Support/ewl/lib/armv6-m\libc.a(memset.o)
 .debug_frame   0x00000664       0x2c C:/Freescale/CW MCU v10.7/MCU/ARM_GCC_Support/ewl/lib/armv6-m\libc.a(__filll_mem.o)
 .debug_frame   0x00000690       0x28 C:/Freescale/CW MCU v10.7/MCU/ARM_GCC_Support/ewl/lib/armv6-m\libc.a(memcpy.o)
 .debug_frame   0x000006b8       0x54 C:/Freescale/CW MCU v10.7/MCU/ARM_GCC_Support/ewl/lib/armv6-m\libc.a(printformat_.o)
 .debug_frame   0x0000070c       0x34 C:/Freescale/CW MCU v10.7/MCU/ARM_GCC_Support/ewl/lib/armv6-m\libc.a(scanformat_.o)
 .debug_frame   0x00000740      0x158 C:/Freescale/CW MCU v10.7/MCU/ARM_GCC_Support/ewl/lib/armv6-m\libc.a(ctype_aeabi.o)
 .debug_frame   0x00000898       0x4c C:/Freescale/CW MCU v10.7/MCU/ARM_GCC_Support/ewl/lib/armv6-m\libc.a(vsnprintf.o)
 .debug_frame   0x000008e4       0x64 C:/Freescale/CW MCU v10.7/MCU/ARM_GCC_Support/ewl/lib/armv6-m\libc.a(fwrite.o)
 .debug_frame   0x00000948       0x48 C:/Freescale/CW MCU v10.7/MCU/ARM_GCC_Support/ewl/lib/armv6-m\libc.a(ansi_files.o)
 .debug_frame   0x00000990       0x30 C:/Freescale/CW MCU v10.7/MCU/ARM_GCC_Support/ewl/lib/armv6-m\libc.a(__strtoul.o)
 .debug_frame   0x000009c0       0x28 C:/Freescale/CW MCU v10.7/MCU/ARM_GCC_Support/ewl/lib/armv6-m\libc.a(strchr.o)
 .debug_frame   0x000009e8       0x28 C:/Freescale/CW MCU v10.7/MCU/ARM_GCC_Support/ewl/lib/armv6-m\libc.a(strlen.o)
 .debug_frame   0x00000a10       0x28 C:/Freescale/CW MCU v10.7/MCU/ARM_GCC_Support/ewl/lib/armv6-m\libc.a(__memrchr.o)
 .debug_frame   0x00000a38       0x28 C:/Freescale/CW MCU v10.7/MCU/ARM_GCC_Support/ewl/lib/armv6-m\libc.a(memchr.o)
 .debug_frame   0x00000a60       0x20 c:/freescale/cw mcu v10.7/cross_tools/arm-none-eabi-gcc-4_7_3/bin/../lib/gcc/arm-none-eabi/4.7.3/armv6-m\libgcc.a(_udivsi3.o)
 .debug_frame   0x00000a80       0x20 c:/freescale/cw mcu v10.7/cross_tools/arm-none-eabi-gcc-4_7_3/bin/../lib/gcc/arm-none-eabi/4.7.3/armv6-m\libgcc.a(_divsi3.o)
 .debug_frame   0x00000aa0       0x3c c:/freescale/cw mcu v10.7/cross_tools/arm-none-eabi-gcc-4_7_3/bin/../lib/gcc/arm-none-eabi/4.7.3/armv6-m\libgcc.a(adddf3.o)
 .debug_frame   0x00000adc       0x3c c:/freescale/cw mcu v10.7/cross_tools/arm-none-eabi-gcc-4_7_3/bin/../lib/gcc/arm-none-eabi/4.7.3/armv6-m\libgcc.a(muldf3.o)
 .debug_frame   0x00000b18       0x2c c:/freescale/cw mcu v10.7/cross_tools/arm-none-eabi-gcc-4_7_3/bin/../lib/gcc/arm-none-eabi/4.7.3/armv6-m\libgcc.a(fixdfsi.o)
 .debug_frame   0x00000b44       0x30 c:/freescale/cw mcu v10.7/cross_tools/arm-none-eabi-gcc-4_7_3/bin/../lib/gcc/arm-none-eabi/4.7.3/armv6-m\libgcc.a(floatsidf.o)
 .debug_frame   0x00000b74       0x40 C:/Freescale/CW MCU v10.7/MCU/ARM_GCC_Support/ewl/lib/armv6-m\librt.a(gcc_ctor_dtor.o)
 .debug_frame   0x00000bb4       0xbc C:/Freescale/CW MCU v10.7/MCU/ARM_GCC_Support/ewl/lib/armv6-m\librt.a(__arm_eabi_init.o)
 .debug_frame   0x00000c70       0x54 C:/Freescale/CW MCU v10.7/MCU/ARM_GCC_Support/ewl/lib/armv6-m\librt.a(ROMCopy.o)
